ru-ryanair-new-extra-228
"Северный поток-2"	"Северный поток-2"	PRO	PRO-Nord-Stream-2
Rheinische Post	Rheinische Post	PRO	PRO-Rheinische-Post
«Северного потока-2»	«Северный поток-2»	PRO	PRO-Nord-Stream-2
«Северный поток — 2»	«Северный поток — 2»	PRO	PRO-Nord-Stream-2
Германии	Германия	LOC	GPE-Germany
Гренелл	Гренелл	PER	PER-Richard-Grenell
Ричард Гренелл	Ричард Гренелл	PER	PER-Richard-Grenell
США	США	LOC	GPE-USA
УНИАН	УНИАН	ORG	ORG-UNIAN
