pl-1877
BMW	BMW	ORG	ORG-BMW-Company
BWM	BWM	ORG	ORG-BMW-Company
Brexit	Brexit	EVT	EVT-Brexit
Europy	Europa	LOC	LOC-Europe
Facebooka	Facebook	PRO	PRO-Facebook
Facebookowi	Facebook	PRO	PRO-Facebook
Facebooku	Facebook	PRO	PRO-Facebook
Financial Times	Financial Times	PRO	PRO-Financial-Times
Freismuth	Freismuth	PER	PER-Stephan-Freismuth
Hams Hall	Hams Hall	LOC	LOC-Hams-Hall
Mini	Mini	PRO	PRO-Mini-Car-Model
Oxfordzie	Oxford	LOC	GPE-Oxford
Rolls-Royce	Rolls-Royce	PRO	PRO-Rolls-Royce
Stephan Freismuth	Stephan Freismuth	PER	PER-Stephan-Freismuth
Swindon	Swindon	LOC	GPE-Swindon
Unii Europejskiej	Unia Europejska	ORG	ORG-European-Union
Wielkiej Brytanii	Wielka Brytania	LOC	GPE-Great-Britain
brexitu	Brexit	EVT	EVT-Brexit
