pl-1596
Brexicie	Brexit	EVT	EVT-Brexit
Brexitu	Brexit	EVT	EVT-Brexit
Brytyjczykami	Brytyjczycy	PER	GPE-Great-Britain
Buzzfeed	Buzzfeed	PRO	PRO-Buzzfeed-website
Clegg	Clegg	PER	PER-Nick-Clegg
Europejczykami	Europejczycy	PER	LOC-Europe
Facebooku	Facebook	PRO	PRO-Facebook
Farage'a	Farage	PER	PER-Nigel-Farage
Farage	Farage	PER	PER-Nigel-Farage
Hiszpanką	Hiszpanka	PER	GPE-Spain
Kirsten Mehr	Kirsten Mehr	PER	PER-Kirsten-Mehr
Londynie	Londyn	LOC	GPE-London
Mehr	Mehr	PER	PER-Kirsten-Mehr
Nickiem Cleggiem	Nick Clegg	PER	PER-Nick-Clegg
Niemiec	Niemcy	LOC	GPE-Germany
Niemką	Niemka	PER	GPE-Germany
Nigela Farage'a	Nigel Farage	PER	PER-Nigel-Farage
UE	UE	ORG	ORG-European-Union
UKIP	UKIP	ORG	ORG-UK-Independence-Party
Unii	Unia	ORG	ORG-European-Union
Wielką Brytanię	Wielka Brytania	LOC	GPE-Great-Britain
