cz-127
Air France-KLM	Air France-KLM	ORG	ORG-Air-France-KLM-group
EasyJet	EasyJet	ORG	ORG-EasyJet
Financial Times	Financial Times	PRO	PRO-Financial-Times
IAG	IAG	ORG	ORG-IAG-International-Airlines-Group
Lufthansa	Lufthansa	ORG	ORG-Lufthansa
Michael O'Leary	Michael O'Leary	PER	PER-Michael-O'Leary
Ryanair	Ryanair	ORG	ORG-Ryanair
Stoxx Europe 600	Stoxx Europe 600	PRO	PRO-Stoxx-Europe-600
Wizz Air	Wizz Air	ORG	ORG-Wizz-Air
