cs-new-5
Ryanair	Ryanair	ORG	ORG-Ryanair
SITCPLA	SITCPLA	ORG	ORG-SITCPLA-Union
USO	USO	ORG	ORG-USO-Union
Španělsku	Španělsko	LOC	GPE-Spain
