bg-1160
Балтийските страни	Балтийски страни	LOC	LOC-Baltic-countries
Великобритания	Великобритания	LOC	GPE-Great-Britain
Германия	Германия	LOC	GPE-Germany
Дания	Дания	LOC	GPE-Denmark
Европейския съюз	Европейски съюз	ORG	ORG-European-Union
Полша	Полша	LOC	GPE-Poland
Русия	Русия	LOC	GPE-Russia
Северен поток-2	Северен поток 2	PRO	PRO-Nord-Stream-2
Финландия	Финландия	LOC	GPE-Finland
Швеция	Швеция	LOC	GPE-Sweden
“Северен поток” 2	Северен поток 2	PRO	PRO-Nord-Stream-2
