423
європейська комісія	європейська комісія	ORG	1
україні	україна	LOC	150
європейська комісія	європейська комісія	ORG	1
закону україни про інформаційні агенства	закон україни про інформаційні агенства	MISC	30350
україни	україна	LOC	150
