cs-new-18
AFP	AFP	ORG	ORG-AFP-Agence-France-Press
Británii	Británie	LOC	GPE-Great-Britain
Itálii	Itálie	LOC	GPE-Italy
Madridu	Madrid	LOC	GPE-Madrid
Manuel Lodeiro	Manuel Lodeiro	PER	PER-Manuel-Lodeiro
Německu	Německo	LOC	GPE-Germany
Portugalsku	Portugalsko	LOC	GPE-Portugal
Ryanair	Ryanair	ORG	ORG-Ryanair
Ryanairu	Ryanair	ORG	ORG-Ryanair
SITCPLA	SITCPLA	ORG	ORG-SITCPLA-Union
USO	USO	ORG	ORG-USO-Union
České republiky	Česká republika	LOC	GPE-Czech-Republic
Španělsko	Španělsko	LOC	GPE-Spain
Španělsku	Španělsko	LOC	GPE-Spain
