cz-88
Irsku	Irsko	LOC	GPE-Ireland
Itálii	Itálie	LOC	GPE-Italy
Německu	Německo	LOC	GPE-Germany
Ryanair	Ryanair	ORG	ORG-Ryanair
Ryanairu	Ryanair	ORG	ORG-Ryanair
VC	VC	ORG	ORG-Vereinigung-Cockpit
odborový svaz německých pilotů	odborový svaz německých pilotů	ORG	ORG-Vereinigung-Cockpit
