cs-2000
Africe	Afrika	LOC	LOC-Africa
Dublinu	Dublin	LOC	GPE-Dublin
Evropě	Evropa	LOC	LOC-Europe
Izrael	Izrael	LOC	GPE-Israel
Maroko	Maroko	LOC	GPE-Morocco
Michael O'Leary	Michael OLeary	PER	PER-Michael-O'Leary
Ryanair	Ryanair	ORG	ORG-Ryanair
Středním východě	Střední východ	LOC	LOC-Middle-East
Tonyho Ryana	Tony Ryan	PER	PER-Tony-Ryan
easyJet	easyJet	ORG	ORG-EasyJet
