cs-new-23
Belgii	Belgie	LOC	GPE-Belgium
Bruselu	Brusel	LOC	GPE-Brussles
Prahy	Praha	LOC	GPE-Prague
SNCB	SNCB	ORG	ORG-SNCB-National-Railway-Company-of-Belgium
Stib	Stib	ORG	ORG-STIB-Brussels-Intercommunal-Transport-Company
České ministerstvo zahraničí	České ministerstvo zahraničí	ORG	ORG-Ministry-of-Foreign-Affairs-Czech-Republic
