pl-586
Angela Merkel	Angela Merkel	PER	PER-Angela-Merkel
Berlina	Berlin	LOC	GPE-Berlin
Berlinie	Berlin	LOC	GPE-Berlin
Broka	Brok	PER	PER-Elmar-Brok
E.on	E.on	ORG	ORG-E.ON
Elmara Broka	Elmar Brok	PER	PER-Elmar-Brok
Europie Środkowo-Wschodniej	Europa Środkowo-Wschodnia	LOC	LOC-Central-Eastern-Europe
Gazprom	Gazprom	ORG	ORG-Gazprom
Gazpromu	Gazprom	ORG	ORG-Gazprom
Interfax	Interfax	ORG	ORG-Interfax
Kijowie	Kijów	LOC	GPE-Kiev
Morze Bałtyckie	Morze Bałtyckie	LOC	LOC-Baltic-Sea
Niemcy	Niemcy	LOC	GPE-Germany
Niemiec	Niemcy	LOC	GPE-Germany
Nord Stream 2	Nord Stream 2	PRO	PRO-Nord-Stream-2
Nord Stream	Nord Stream	PRO	PRO-Nord-Stream-1
Parlamentu Europejskiego	Parlament Europejski	ORG	ORG-European-Parlament
Polska	Polska	LOC	GPE-Poland
Rosja	Rosja	LOC	GPE-Russia
Rosji	Rosja	LOC	GPE-Russia
Ukraina	Ukraina	LOC	GPE-Ukraine
Ukrainy	Ukraina	LOC	GPE-Ukraine
Ukrainę	Ukraina	LOC	GPE-Ukraine
Wintershall	Wintershall	ORG	ORG-Wintershall
Wojciech Jakóbik	Wojciech Jakóbik	PER	PER-Wojciech-Jakóbik
parlamentu	Parlament	ORG	ORG-European-Parlament
terminal LNG w Świnoujściu	terminal LNG w Świnoujściu	LOC	LOC-LNG-terminal-Swinoujscie
