pl-541
Amerykanie	Amerykanie	PER	GPE-USA
BiznesAlert.pl	BiznesAlert.pl	PRO	PRO-BiznesAlert-pl
CIRE.PL	CIRE.PL	PRO	PRO-CIRE.PL
CIRE	CIRE	PRO	PRO-CIRE.PL
Cieśnienie Kerczeńskiej	Cieśnina Kerczeńska	LOC	LOC-Kerch-Strait
Cieśninie Kerczeńskiej	Cieśnina Kerczeńska	LOC	LOC-Kerch-Strait
Departamentu Stanu USA	Departament Stanu USA	ORG	ORG-Department-of-State-USA
Departamentu Stanu	Departament Stanu	ORG	ORG-Department-of-State-USA
Europejczyków	Europejczycy	PER	LOC-Europe
Europy	Europa	LOC	LOC-Europe
Heather Nauert	Heather Nauert	PER	PER-Heather-Nauert
Krym	Krym	LOC	GPE-Crimea
Nauert	Nauert	PER	PER-Heather-Nauert
Nord Stream 2	Nord Stream 2	PRO	PRO-Nord-Stream-2
Półwyspu Krymskiego	Półwysep Krymski	LOC	LOC-Crimea
Rosjanie	Rosjanie	PER	GPE-Russia
Rosji	Rosja	LOC	GPE-Russia
Rosję	Rosja	LOC	GPE-Russia
USA	USA	LOC	GPE-USA
Ukrainie	Ukraina	LOC	GPE-Ukraine
Ukrainę	Ukraina	LOC	GPE-Ukraine
