bg-707
24 часа	24 часа	PRO	PRO-24-chasa
Niall Carson	Niall Carson	PER	PER-Niall-Carson
Амстердам	Амстердам	LOC	GPE-Amsterdam
Дарик	Дарик	PRO	PRO-Darik-radio
Дъблин	Дъблин	LOC	GPE-Dublin
Кихо	Кихо	PER	PER-Patrick-Kehoe
Медийна група България	Медийна група България	ORG	ORG-Media-Group-Bulgaria
Патрик Кихо	Патрик Кихо	PER	PER-Patrick-Kehoe
Райънеър	Райънеър	ORG	ORG-Ryanair
Сън	Сън	PRO	PRO-The-Sun
Туитър	Туитър	PRO	PRO-Twitter
ирландец	ирландец	PER	GPE-Ireland
