bg-1079
Букурещ	Букурещ	LOC	GPE-Bucharest
България	България	LOC	GPE-Bulgaria
Гюргево	Гюргево	LOC	GPE-Giurgiu
Дунав мост	Дунав мост	LOC	LOC-Dunav-Bridge
ЕС	ЕС	ORG	ORG-European-Union
Иванов	Иванов	PER	PER-Mircho-Ivanov
Кишинев	Кишинев	LOC	GPE-Kishinev
Летище "Пловдив"	Летище Пловдив	LOC	LOC-Plovdiv-aeroport
Лондон	Лондон	LOC	GPE-London
Мирчо Иванов	Мирчо Иванов	PER	PER-Mircho-Ivanov
Москва	Москва	LOC	GPE-Moscow
Пловдив	Пловдив	LOC	GPE-Plovdiv
Райънеър	Райънеър	ORG	ORG-Ryanair
Румъния	Румъния	LOC	GPE-Romania
София	София	LOC	GPE-Sofia
Тимишоара	Тимишоара	LOC	GPE-Timisoara
Тимишоара	Тимишоара	LOC	LOC-Timisoara-Airport
Фокус	Фокус	ORG	ORG-Focus-News-Agency
българи	българи	PER	GPE-Bulgaria
еврозоната	Еврозона	LOC	LOC-Eurozone
