pl-410
Dziennika Gazety Prawnej	Dziennik Gazety Prawnej	PRO	PRO-Dziennik-Gazeta-Prawna
Europy	Europa	LOC	LOC-Europe
Gazpromu	Gazprom	ORG	ORG-Gazprom
Greifswaldu	Greifswald	LOC	GPE-Greifswald
Lubmin	Lubmin	LOC	GPE-Lubmin
MSZ	MSZ	ORG	ORG-Ministry-of-Foreign-Affairs-Russia
Morawiecki	Morawiecki	PER	PER-Mateusz-Morawiecki
Niemiec	Niemcy	LOC	GPE-Germany
Nord Stream 2	Nord Stream 2	PRO	PRO-Nord-Stream-2
Nord Streamu 2	Nord Stream 2	PRO	PRO-Nord-Stream-2
Polsce	Polska	LOC	GPE-Poland
Polska	Polska	LOC	GPE-Poland
Polski	Polska	LOC	GPE-Poland
Rexem Tillersonem	Rex Tillerson 	PER	PER-Rex-Tillerson
Rosjanie	Rosjanie	PER	GPE-Russia
Rosji	Rosja	LOC	GPE-Russia
USA	USA	LOC	GPE-USA
Ukrainy	Ukraina	LOC	GPE-Ukraine
Wiedomosti	Wiedomosti	PRO	PRO-Wiedomosti
Zacharowa	Zacharowa	PER	PER-Maria-Zaharova
