pl-945
Akfel	Akfel	ORG	ORG-Akfel
Aleksiej	Aleksiej	PER	PER-Aleksey-Miller
Aleksiejem Millerem	Aleksiej Miller	PER	PER-Aleksey-Miller
Austriacy	Austriacy	PER	GPE-Austria
Austriak	Austriak	PER	GPE-Austria
BiznesAlert.pl	BiznesAlert.pl	PRO	PRO-BiznesAlert-pl
Bosphorus	Bosphorus	ORG	ORG-Bosphorus
Dziadek Mróz	Dziadek Mróz	PER	PER-Ded-Moroz
Eni	Eni	ORG	ORG-Eni
Europa	Europa	LOC	LOC-Europe
Europie	Europa	LOC	LOC-Europe
Europy	Europa	LOC	LOC-Europe
Gazprom	Gazprom	ORG	ORG-Gazprom
Gazpromem	Gazprom	ORG	ORG-Gazprom
Gazpromu	Gazprom	ORG	ORG-Gazprom
Kibar	Kibar	ORG	ORG-Kibar
Nord Stream 2	Nord Stream 2	PRO	PRO-Nord-Stream-2
Nord Stream 3	Nord Stream 3	PRO	PRO-Nord-Stream-3
Norwegii	Norwegia	LOC	GPE-Norway
OMV	OMV	ORG	ORG-OMV
Piotr Stępiński	Piotr Stępiński	PER	PER-Piotr-Stępiński
Polskę	Polska	LOC	GPE-Poland
Reiner Seele	Reiner Seele	PER	PER-Rainer-Seele
Rosji	Rosja	LOC	GPE-Russia
Rosję	Rosja	LOC	GPE-Russia
Seele	Seele	PER	PER-Rainer-Seele
Syberii	Syberia	LOC	LOC-Siberia
TASS	TASS	ORG	ORG-TASS-Agency
Ukrainę	Ukraina	LOC	GPE-Ukraine
Unii Europejskiej	Unia Europejska	ORG	ORG-European-Union
Uniperem	Uniper	ORG	ORG-Uniper
Warszawy	Warszawa	LOC	GPE-Warsaw
