bg-102
Nord Stream 2 AG	Nord Stream 2 AG	ORG	ORG-Nord-Stream-2-AG
Solitaire	Solitaire	PRO	PRO-Solitaire
РИА Новости	РИА Новости	ORG	ORG-RIA-Novosti
Северен поток 2	Северен поток 2	PRO	PRO-Nord-Stream-2
Финландия	Финландия	LOC	GPE-Finland
Финландския залив	Финландски залив	LOC	LOC-Gulf-of-Finland
