bg-1210
Ангела Меркел	Ангела Меркел	PER	PER-Angela-Merkel
Балтийско море	Балтийско море	LOC	LOC-Baltic-Sea
Беларус	Беларус	LOC	GPE-Belarus
Бойко Борисов	Бойко Борисов	PER	PER-Boyko-Borisov
България	България	LOC	GPE-Bulgaria
Владимир Путин	Владимир Путин	PER	PER-Vladimir-Putin
Германия	Германия	LOC	GPE-Germany
Дания	Дания	LOC	GPE-Denmark
Европа	Европа	LOC	LOC-Europe
Кремъл	Кремъл	LOC	LOC-Kremlin
Меркел	Меркел	PER	PER-Angela-Merkel
Петро Порошенко	Петро Порошенко	PER	PER-Petro-Poroshenko
Полша	Полша	LOC	GPE-Poland
Порошенко	Порошенко	PER	PER-Petro-Poroshenko
Путин	Путин	PER	PER-Vladimir-Putin
Русия	Русия	LOC	GPE-Russia
Северен поток 2	Северен поток 2	PRO	PRO-Nord-Stream-2
Северен поток	Северен поток	PRO	PRO-Nord-Stream-1
ТАСС	ТАСС	ORG	ORG-TASS-Agency
Турски поток	Турски поток	PRO	PRO-Turkish-Stream
Украйна	Украйна	LOC	GPE-Ukraine
Финландия	Финландия	LOC	GPE-Finland
Ханделсблат	Ханделсблат	PRO	PRO-Handelsblatt
Швеция	Швеция	LOC	GPE-Sweden
Южен поток	Южен поток	PRO	PRO-South-Stream
турците	турци	PER	GPE-Turkey
