ru-87
Ryanair	Ryanair	ORG	ORG-Ryanair
Sputnik Эстония	Sputnik Эстония	PRO	
Stork Tour	Stork Tour	ORG	ORG-Stork-Tour
Барселона	Барселона	LOC	GPE-Barcelona
Бельгии	Бельгия	LOC	GPE-Belgium
Бельгию	Бельгия	LOC	GPE-Belgium
Брюссель	Брюссель	LOC	GPE-Brussles
Варшава	Варшава	LOC	GPE-Warsaw
Великобританию	Великобритания	LOC	GPE-Great-Britain
Германии	Германия	LOC	GPE-Germany
Германию	Германия	LOC	GPE-Germany
Дмитрий Лелека	Дмитрий Лелека	PER	PER-Dmitry-Leleka
Европе	Европа	LOC	LOC-Europe
Ирландии	Ирландия	LOC	GPE-Ireland
Ирландию	Ирландия	LOC	GPE-Ireland
Испании	Испания	LOC	GPE-Spain
Испанию	Испания	LOC	GPE-Spain
Италии	Италия	LOC	GPE-Italy
Италию	Италия	LOC	GPE-Italy
Кипр	Кипр	LOC	GPE-Cyprus
Лелеки	Лелека	PER	PER-Dmitry-Leleka
Лондон	Лондон	LOC	GPE-London
Мальту	Мальта	LOC	GPE-Malta
Париж	Париж	LOC	GPE-Paris
Португалии	Португалия	LOC	GPE-Portugal
Швеции	Швеция	LOC	GPE-Sweden
