ru-72
British Airways	British Airways	ORG	ORG-British-Airways
Express	Express	ORG	ORG-Express-Newspaper
Ryanair	Ryanair	ORG	ORG-Ryanair
Бельгии	Бельгия	LOC	GPE-Belgium
Бельгию	Бельгия	LOC	GPE-Belgium
Великобритании	Великобритания	LOC	GPE-Great-Britain
Европе	Европа	LOC	LOC-Europe
Испании	Испания	LOC	GPE-Spain
Испанию	Испания	LOC	GPE-Spain
Кенни Джейкобс	Кенни Джейкобс	PER	PER-Kenny-Jacobs
Португалии	Португалия	LOC	GPE-Portugal
Португалию	Португалия	LOC	GPE-Portugal
Хитроу	Хитроу	LOC	LOC-Heathrow-Airport
