ru-49
Cabin Crew United	Cabin Crew United	ORG	ORG-Cabin-Crew-United
Ryanair	Ryanair	ORG	ORG-Ryanair
Англии	Англия	LOC	GPE-Great-Britain
Бельгию	Бельгия	LOC	GPE-Belgium
Европе	Европа	LOC	LOC-Europe
Испанию	Испания	LOC	GPE-Spain
Италии	Италия	LOC	GPE-Italy
Португалию	Португалия	LOC	GPE-Portugal
Твиттер	Твиттер	PRO	PRO-Twitter
