cs-399
Brexit	Brexit	EVT	EVT-Brexit
Britové	Britové	PER	GPE-Great-Britain
Británie	Británie	LOC	GPE-Great-Britain
Británií	Británie	LOC	GPE-Great-Britain
Cameron	Cameron	PER	PER-David-Cameron
Channel 5 News	Channel 5 News	PRO	PRO-360-TV-channel
David Cameron	David Cameron	PER	PER-David-Cameron
Davos	Davos	LOC	GPE-Davos
Davosu	Davos	LOC	GPE-Davos
Evropské unie	Evropská unie	ORG	ORG-European-Union
Evropské unii	Evropská unie	ORG	ORG-European-Union
Konzervativní stranou	Konzervativní strana	ORG	ORG-Conservative-and-Unionist-Party-UK
Lakshmim Mittalem	Lakshmi Mittal	PER	PER-Lakshmi-Mittal
Project Fear	Project Fear	PRO	PRO-Project-Fear
Reuters	Reuters	ORG	ORG-Reuters
Richard Brian	Richard Brian	PER	PER-Grenville-Richards
Spojeného království	Spojené království	LOC	GPE-Great-Britain
Světovém ekonomickém fóru v Davosu	Světové ekonomické fórum v Davosu	EVT	EVT-World-Economic-Forum-Davos
Theresa Mayová	Theresa Mayová	PER	PER-Theresa-May
brexitu	brexit	EVT	EVT-Brexit
ČTK	ČTK	ORG	ORG-CTK
Švýcarsko	Švýcarsko	LOC	GPE-Switzerland
