pl-244
Belgia	Belgia	LOC	GPE-Belgium
Belgii	Belgia	LOC	GPE-Belgium
Dublinie	Dublin	LOC	GPE-Dublin
Europie 	Europa	LOC	LOC-Europe
Europie	Europa	LOC	LOC-Europe
Hiszpanii	Hiszpania	LOC	GPE-Spain
HiszpaniÄ™	Hiszpania	LOC	GPE-Spain
Portugalii	Portugalia	LOC	GPE-Portugal
Ryanair	Ryanair	ORG	ORG-Ryanair
Ryanaira	Ryanair	ORG	ORG-Ryanair
Ryanairze	Ryanair	ORG	ORG-Ryanair
lotniska Charleroi	lotnisko Charleroi	LOC	LOC-Charleroi-Airport-Brussels
portu lotniczego Zaventem	port lotniczy Zaventem	LOC	LOC-Brussel-Airport-Zaventem
