pl-736
Belgii	Belgia	LOC	GPE-Belgium
Hiszpanii	Hiszpania	LOC	GPE-Spain
Holandii	Holandia	LOC	GPE-Holland
Irlandii	Irlandia	LOC	GPE-Ireland
Michael O'Leary	Michael O'Leary	PER	PER-Michael-O'Leary
Niemczech	Niemcy	LOC	GPE-Germany
Portugalii	Portugalia	LOC	GPE-Portugal
Ryanair	Ryanair	ORG	ORG-Ryanair
Ryanaira	Ryanair	ORG	ORG-Ryanair
Włoszech	Włochy	LOC	GPE-Italy
