cs-14
Amerikou	Amerika	LOC	GPE-USA
Ameriky	Amerika	LOC	GPE-USA
Baracka Obamy	Barack Obama	PER	PER-Barack-Obama
Berlíně	Berlín	LOC	GPE-Berlin
Brenda Schafferová	Brenda Schafferová	PER	PER-Brenda-Schaffer
Bílý dům	Bílý dům	LOC	LOC-White-House
Centra pro euroasijské studie, Ruska a východní Evropy	Centrum pro euroasijské studie, Ruska a východní Evropy	ORG	ORG-Central-Election-Commission-of-the-Russia
Donald Trump	Donald Trump	PER	PER-Donald-Trump
Evropou	Evropa	LOC	LOC-Europe
Evropy	Evropa	LOC	LOC-Europe
Evropě	Evropa	LOC	LOC-Europe
Foreign Policy	Foreign Policy	PRO	PRO-Foreign-policy
George W. Bushe - juniora	George W. Bush - junior	PER	PER-George-Bush-Jr
Moskvě	Moskva	LOC	GPE-Moscow
Nord Stream - 2	Nord Stream - 2	PRO	PRO-Nord-Stream-2
Nord Stream-2	Nord Stream-2	PRO	PRO-Nord-Stream-2
Nord Stream	Nord Stream	PRO	PRO-Nord-Stream-1
Nord Streamem	Nord Stream	PRO	PRO-Nord-Stream-1
Nord Streamu – 2	Nord Stream - 2	PRO	PRO-Nord-Stream-2
North Stream - 2	North Stream - 2	PRO	PRO-Nord-Stream-2
Německa	Německo	LOC	GPE-Germany
Německo	Německo	LOC	GPE-Germany
Obamova	Obama	PER	PER-Barack-Obama
Rex Tillerson	Rex Tillerson	PER	PER-Rex-Tillerson
Ruska	Rusko	LOC	GPE-Russia
Ruskem	Rusko	LOC	GPE-Russia
Severního proudu	Severní proud	PRO	PRO-Nord-Stream-1
Spojené státy	Spojené státy	LOC	GPE-USA
Spojenými státy	Spojené státy	LOC	GPE-USA
Trumpovy	Trump	PER	PER-Donald-Trump
USA	USA	LOC	GPE-USA
Varšavě	Varšava	LOC	GPE-Warsaw
Washington	Washington	LOC	GPE-Washington
Washingtonem	Washington	LOC	GPE-Washington
Washingtonu	Washington	LOC	GPE-Washington
univerzitě v Georgetownu	univerzita v Georgetownu	ORG	ORG-Georgetown-University
