cs-19
Donald Trump	Donald Trump	PER	PER-Donald-Trump
Dánsko	Dánsko	LOC	GPE-Denmark
Gazprom	Gazprom	ORG	ORG-Gazprom
Nord Stream 2	Nord Stream 2	PRO	PRO-Nord-Stream-2
Polsko	Polsko	LOC	GPE-Poland
Spojených státech	Spojené státy	LOC	GPE-USA
Trumpa	Trump	PER	PER-Donald-Trump
Ukrajina	Ukrajina	LOC	GPE-Ukraine
Washingtonu	Washington	LOC	GPE-Washington
