cs-376
Asie	Asie	LOC	LOC-Asia
Bloomberg	Bloomberg	ORG	ORG-Bloomberg-LP
Donald Trump	Donald Trump	PER	PER-Donald-Trump
Evropy	Evropa	LOC	LOC-Europe
Holandsku	Holandsko	LOC	GPE-Holland
Latinské Ameriky	Latinská Amerika	LOC	LOC-Latin-America
Moskvy	Moskva	LOC	GPE-Moscow
Nord Stream - 2	Nord Stream - 2	PRO	PRO-Nord-Stream-2
Nord Stream-2	Nord Stream-2	PRO	PRO-Nord-Stream-2
North Stream-2	North Stream-2	PRO	PRO-Nord-Stream-2
Německa	Německo	LOC	GPE-Germany
Německo	Německo	LOC	GPE-Germany
Německu	Německo	LOC	GPE-Germany
Ruska	Rusko	LOC	GPE-Russia
Rusko	Rusko	LOC	GPE-Russia
Rusku	Rusko	LOC	GPE-Russia
Spojené státy	Spojené státy	LOC	GPE-USA
Spojených státech	Spojené státy	LOC	GPE-USA
Spojených států	Spojené státy	LOC	GPE-USA
Trump	Trump	PER	PER-Donald-Trump
USA	USA	LOC	GPE-USA
Čínou	Čína	LOC	GPE-China
