cs-13
Baltské moře	Baltské moře	LOC	LOC-Baltic-Sea
Donbasu	Donbas	LOC	LOC-Donbass
Evropu	Evropa	LOC	LOC-Europe
Evropy	Evropa	LOC	LOC-Europe
Grymčak	Grymčak	PER	PER-Yuriy-Grymcak
Jurij Grymčak	Jurij Grymčak	PER	PER-Yuriy-Grymcak
Kyjev	Kyjev	LOC	GPE-Kiev
Nord Stream - 2	Nord Stream - 2	PRO	PRO-Nord-Stream-2
Nord Streamu	Nord Stream	PRO	PRO-Nord-Stream-1
Německa	Německo	LOC	GPE-Germany
Ruska	Rusko	LOC	GPE-Russia
Rusko	Rusko	LOC	GPE-Russia
Spojené státy	Spojené státy	LOC	GPE-USA
Ukrajina	Ukrajina	LOC	GPE-Ukraine
Ukrajinu	Ukrajina	LOC	GPE-Ukraine
Washington	Washington	LOC	GPE-Washington
Zik	Zik	PRO	PRO-Zik-TV-Channel
