uk-103
Belgocontrol	Belgocontrol	ORG	ORG-Belgocontrol
Bravo Airways	Bravo Airways	ORG	ORG-Bravo-Airways
British Airways	British Airways	ORG	ORG-British-Airways
IAG	IAG	ORG	ORG-IAG-International-Airlines-Group
Lufthansa	Lufthansa	ORG	ORG-Lufthansa
Reuters	Reuters	ORG	ORG-Reuters
Ryanair	Ryanair	ORG	ORG-Ryanair
Twitter	Twitter	PRO	PRO-Twitter
easyJet	easyJet	ORG	ORG-EasyJet
Європі	Європа	LOC	GPE-Europe
Албанії	Албанія	LOC	GPE-Albania
Бельгія	Бельгія	LOC	GPE-Belgium
Бельгією	Бельгія	LOC	GPE-Belgium
Брюссельського аеропорту	Брюссельський аеропорт	LOC	LOC-Brussels-Airport
Великої Британії	Велика Британія	LOC	GPE-Great-Britain
Грузії	Грузія	LOC	GPE-Georgia
КИЇВ	Київ	LOC	GPE-Kiev
Міністерство економічного розвитку і торгівлі України	Міністерство економічного розвитку і торгівлі України	ORG	ORG-Ministry-for-
Тунісу	Туніс	LOC	GPE-Tunisia
УНН	УНН	ORG	ORG-UNN
Хітроу	Хітроу	LOC	LOC-Heathrow-Airport
аеропорту “Київ”	аеропорт "Київ"	LOC	LOC-Kyiv-International-Airport-Kiev
європейська організація з безпеки повітряної навігації Eurocontrol	європейська організація з безпеки повітряної навігації Eurocontrol	ORG	ORG-Eurocontrol
“Оазис тревел Україна”	Оазис тревел Україна	ORG	ORG-Oasis-Travel-Ukraine
