ru-5
Газпром	Газпром	ORG	ORG-Gazprom
Газпрому	Газпрому	ORG	ORG-Gazprom
Нафтогаз	Нафтогаз	ORG	ORG-Naftogaz
Нефтегазу 	Нефтегаза	ORG	ORG-Naftogaz
Норд Стрим-2	Норд Стрим-2	ORG	ORG-Nord-Stream-2-AG
Норд Стрим	Норд Стрим	ORG	ORG-Nord-Stream-AG
Украины	Украина	LOC	GPE-Ukraine
Укртрансгаз	Укртрансгаз	ORG	ORG-Ukrtransgas
Швейцарии 	Швейцария	LOC	GPE-Switzerland
