bg-1674
Ангела Меркел	Ангела Меркел	PER	PER-Angela-Merkel
Балтийско море	Балтийско море	LOC	LOC-Baltic-Sea
Блиц	Блиц	ORG	ORG-Blitz-Agency
Владимир Путин	Владимир Путин	PER	PER-Vladimir-Putin
Германия	Германия	LOC	GPE-Germany
Дания	Дания	LOC	GPE-Denmark
Кремъл	Кремъл	LOC	LOC-Kremlin
Меркел	Меркел	PER	PER-Angela-Merkel
Норд стрим	Норд стрийм	ORG	ORG-Nord-Stream-2-AG
Путин	Путин	PER	PER-Vladimir-Putin
Русия	Русия	LOC	GPE-Russia
Северен поток-2	Северен поток 2	PRO	PRO-Nord-Stream-2
Фейсбук	Фейсбук	PRO	PRO-Facebook
Финландия	Финландия	LOC	GPE-Finland
Швеция	Швеция	LOC	GPE-Sweden
