ru-ryanair-new-extra-233
«Северного потока — 2»	«Северный поток — 2»	PRO	PRO-Nord-Stream-2
«Северного потока-2»	«Северный поток-2»	PRO	PRO-Nord-Stream-2
«Северный поток — 2»	«Северный поток — 2»	PRO	PRO-Nord-Stream-2
Австрийская Республика	Австрийская Республика	LOC	GPE-Austria
Болгария	Болгария	LOC	GPE-Bulgaria
Брюсселе	Брюссель	LOC	GPE-Brussles
Бухареста	Бухарест	LOC	GPE-Bucharest
Германия	Германия	LOC	GPE-Germany
ЕС	ЕС	ORG	ORG-European-Union
Европейская комиссия	Европейская комиссия	ORG	ORG-European-Commission
Нидерланды	Нидерланды	LOC	GPE-Holland
Польское радио	Польское радио	PRO	PRO-Polish-Radio
Румыния	Румыния	LOC	GPE-Romania
Совет Европейского Союза	Совет Европейского Союза	ORG	ORG-European-Council
