ru-1
Eustream 	Eustream	ORG	ORG-Eustream
Nord Stream AG	Nord Stream AG	ORG	ORG-Nord-Stream-2-AG
Nord Stream	Nord Stream	ORG	ORG-Nord-Stream-2-AG
Вельке Капушаны	Вельке Капушаны	LOC	GPE-Velke-Kapusany
Газпром	Газпром	ORG	ORG-Gazprom
МОСКВА	МОСКВА	LOC	GPE-Moscow
Норд Стрим	Норд Стрим	PRO	PRO-Nord-Stream-2
ПРАЙМ	ПРАЙМ	ORG	ORG-PRIME-News-Agency
Северного потока	Северный поток	PRO	PRO-Nord-Stream-2
Северный поток	Северный поток	PRO	PRO-Nord-Stream-2
Словакией	Словакия	LOC	GPE-Slovakia
Украиной	Украина	LOC	GPE-Ukraine
Украину 	Украина	LOC	GPE-Ukraine
Украины	Украина	LOC	GPE-Ukraine
