cs-50
Asia Bibiová	Asia Bibiová	PER	PER-Asia-Bibi
Bibiová	Bibiová	PER	PER-Asia-Bibi
Imran Chán	Imran Chán	PER	PER-Imran-Khan
Islámábádem	Islámábád	LOC	GPE-Islamabad
Islámábádu	Islámábád	LOC	GPE-Islamabad
Karáčí	Karáčí	LOC	GPE-Karachi
Láhaur	Láhaur	LOC	GPE-Lahore
Paňdžáb	Paňdžáb	LOC	GPE-Punjab
Pákistánu	Pákistán	LOC	GPE-Pakistan
Reuters	Reuters	ORG	ORG-Reuters
Rávalpindí	Rávalpindí	LOC	GPE-Rawalpindi
TLP	TLP	ORG	ORG-Tehreek-e-Labbaik-Pakistan
Tehríke Labajk	Tehríke Labajk	ORG	ORG-Tehreek-e-Labbaik-Pakistan
