cs-88
Baltského moře	Baltské moře	LOC	LOC-Baltic-Sea
Dánska	Dánsko	LOC	GPE-Denmark
Evropu	Evropa	LOC	LOC-Europe
Finsko	Finsko	LOC	GPE-Finland
Finsku	Finsko	LOC	GPE-Finland
Helsinky	Helsinky	LOC	GPE-Helsinki
Nord Stream 2	Nord Stream 2	PRO	PRO-Nord-Stream-2
NordStream 2	NordStream 2	PRO	PRO-Nord-Stream-2
Německa	Německo	LOC	GPE-Germany
Německo	Německo	LOC	GPE-Germany
Reuters	Reuters	ORG	ORG-Reuters
Ruska	Rusko	LOC	GPE-Russia
finské ministerstvo hospodářství	finské ministerstvo hospodářství	ORG	ORG-Ministry-of-Economy-Finland
střední	střední	LOC	LOC-Central-Europe
východní Evropy	východní Evropa	LOC	LOC-Eastern-Europe
západní Evropy	západní Evropa	LOC	LOC-Western-Europe
Česka	Česko	LOC	GPE-Czech-Republic
Švédska	Švédsko	LOC	GPE-Sweden
