cs-113
Angely Merkelová	Angela Merkelová	PER	PER-Angela-Merkel
Baracka Obamy	Barack Obama	PER	PER-Barack-Obama
Bushové	Bushové	PER	PER-George-Bushs-jr-sr
Bílého domu	Bílý dům	LOC	LOC-White-House
Carnegie Europe	Carnegie Europe	ORG	ORG-AECR-Alliance-of-European-Conservatives-and-Reformists
Clinton	Clinton	PER	PER-Hillary-Clinton
Donald Trump	Donald Trump	PER	PER-Donald-Trump
Donalda Trumpa	Donald Trump	PER	PER-Donald-Trump
Evropa	Evropa	LOC	LOC-Europe
Evropanům	Evropané	PER	LOC-Europe
Evropou	Evropa	LOC	LOC-Europe
Evropská unie	Evropská unie	ORG	ORG-European-Union
Evropě	Evropa	LOC	LOC-Europe
George Bushe	George Bush	PER	PER-George-Bush-Jr
NATO	NATO	ORG	ORG-NATO
Obama	Obama	PER	PER-Barack-Obama
Rusko	Rusko	LOC	GPE-Russia
Tomá Valáek	Tomáš Válášek	PER	PER-Petr-Toman
Trump	Trump	PER	PER-Donald-Trump
Trumpovo	Trump	PER	PER-Donald-Trump
USA	USA	LOC	GPE-USA
Washington	Washington	LOC	GPE-Washington
Čínu	Čína	LOC	GPE-China
