cs-465
Atlantik	Atlantik	LOC	LOC-Atlantic-Ocean
BDI	BDI	ORG	ORG-BDI-Bundesverband-der-Deutschen-Industrie
Dieter Kempf	Dieter Kempf	PER	PER-Dieter-Kempf
Federace německého průmyslu	Federace německého průmyslu	ORG	ORG-BDI-Bundesverband-der-Deutschen-Industrie
Kempf	Kempf	PER	PER-Dieter-Kempf
N-TV	N-TV	PRO	PRO-N-tv
Nord Stream - 2	Nord Stream - 2	PRO	PRO-Nord-Stream-2
Nord Stream-2	Nord Stream-2	PRO	PRO-Nord-Stream-2
Německo	Německo	LOC	GPE-Germany
Spojených států	Spojené státy	LOC	GPE-USA
Spolkového svazu německého průmyslu	Spolkový svaz německého průmyslu	ORG	ORG-BDI-Bundesverband-der-Deutschen-Industrie
USA	USA	LOC	GPE-USA
Washingtonem	Washington	LOC	GPE-Washington
