cs-5005
Baltického moře	Baltské moře	LOC	LOC-Baltic-Sea
Baltského moře	Baltské moře	LOC	LOC-Baltic-Sea
Evropy	Evropa	LOC	LOC-Europe
Greifswaldu	Greifswald	LOC	GPE-Greifswald
Meklenbursko-Přední Pomořansko	Meklenbursko-Přední Pomořansko	LOC	GPE-Mecklenburg-Vorpommern
Nord Stream AG	Nord Stream AG	ORG	ORG-Nord-Stream-AG
Nord Stream	Nord Stream	PRO	PRO-Nord-Stream-1
Nordeuropäische Gasleitung	Nordeuropäische Gasleitung	PRO	PRO-Nord-Stream-1
Německa	Německo	LOC	GPE-Germany
Ruska	Rusko	LOC	GPE-Russia
Severnyj potok	Severnyj potok	PRO	PRO-Nord-Stream-1
Severní	Severní	LOC	GPE-North-Carolina-US-State
Vyborgu	Vyborg	LOC	GPE-Vyborg
Северный поток	Северный поток	PRO	PRO-Nord-Stream-1
