cs-85
Asie	Asie	LOC	LOC-Asia
Bajkal	Bajkal	LOC	LOC-Lake-Baikal
Blagovešensk	Blagovešensk	LOC	LOC-Blagoveshchensk
Brusel	Brusel	LOC	GPE-Brussles
EU	EU	ORG	ORG-European-Union
Evropy	Evropa	LOC	LOC-Europe
Evropě	Evropa	LOC	LOC-Europe
Gazprom	Gazprom	ORG	ORG-Gazprom
Gazpromu	Gazprom	ORG	ORG-Gazprom
Moskvy	Moskva	LOC	GPE-Moscow
Nord Stream-2	Nord Stream-2	PRO	PRO-Nord-Stream-2
Nord Stream	Nord Stream	PRO	PRO-Nord-Stream-1
Rusko	Rusko	LOC	GPE-Russia
Síla Sibiře	Síla Sibiře	PRO	PRO-Power-of-Siberia-gas-pipeline
Ukrajinu	Ukrajina	LOC	GPE-Ukraine
Čajandinskoje	Čajandinskoje	LOC	LOC-Chayanda-field
Čína	Čína	LOC	GPE-China
Čínou	Čína	LOC	GPE-China
Číně	Čína	LOC	GPE-China
