cs-98
Baltského moře	Baltské moře	LOC	LOC-Baltic-Sea
Donbasu	Donbas	LOC	LOC-Donbass
Evropské komise pro energetickou unii	Evropská komise pro energetickou unii	ORG	ORG-Europe-Energy-Union
Evropy	Evropa	LOC	LOC-Europe
Gazprom	Gazprom	ORG	ORG-Gazprom
Maroš Šefčovič	Maroš Šefčovič	PER	PER-Maros-Sefcovic
Merkelová	Merkelová	PER	PER-Angela-Merkel
Naftogaz	Naftogaz	ORG	ORG-Naftogaz
Nord Stream 2	Nord Stream 2	PRO	PRO-Nord-Stream-2
Německem	Německo	LOC	GPE-Germany
Německo	Německo	LOC	GPE-Germany
OSN	OSN	ORG	ORG-United-Nations
Putin	Putin	PER	PER-Vladimir-Putin
Putina	Putin	PER	PER-Vladimir-Putin
Reuters	Reuters	ORG	ORG-Reuters
Rusko	Rusko	LOC	GPE-Russia
Soči	Soči	LOC	GPE-Sochi
Spojené státy	Spojené státy	LOC	GPE-USA
Ukrajina	Ukrajina	LOC	GPE-Ukraine
Ukrajinu	Ukrajina	LOC	GPE-Ukraine
Ukrajiny	Ukrajina	LOC	GPE-Ukraine
