cs-50000
Baltského moře	Baltské moře	LOC	LOC-Baltic-Sea
Berlín	Berlín	LOC	GPE-Berlin
Bernert	Bernert	PER	PER-Reemt-Bernert
Braniborsku	Braniborsko	LOC	GPE-Brandenburg
Deutschneudorf	Deutschneudorf	LOC	GPE-Deutschneudorf
Eugal	Eugal	PRO	PRO-Eugal
Gascade	Gascade	ORG	ORG-Gascade
Meklenbursku-Předním Pomořansku	Meklenbursku-Přední Pomořansko	LOC	GPE-Mecklenburg-Vorpommern
Nord Stream 2	Nord Stream 2	PRO	PRO-Nord-Stream-2
Německa	Německo	LOC	GPE-Germany
Německu	Německo	LOC	GPE-Germany
Polsko	Polsko	LOC	GPE-Poland
Praha	Praha	LOC	GPE-Prague
Reemt Bernert	Reemt Bernert	PER	PER-Reemt-Bernert
Ruska	Rusko	LOC	GPE-Russia
Sasku	Sasko	LOC	GPE-Saxony
Ukrajinu	Ukrajina	LOC	GPE-Ukraine
Česka	Česko	LOC	GPE-Czech-Republic
Česko	Česko	LOC	GPE-Czech-Republic
