pl-847
ANPAC	ANPAC	ORG	ORG-ANPAC-Associazione-Nazionale-Professionale-Aviazione-Civile
Air Azur	Air Azur	ORG	ORG-Air-Azur
BALPA	BALPA	ORG	ORG-British-Airline-Pilots-Association
Belgowie	Belgowie	PER	GPE-Belgium
Brian Strutton	Brian Strutton	PER	PER-Brian-Strutton
CNE	CNE	ORG	ORG-CNE
Cobalt	Cobalt	ORG	ORG-Cobalt
Eddie Wilson	Eddie Wilson	PER	PER-Eddie-Wilson
Europie	Europa	LOC	LOC-Europe
Hiszpanii	Hiszpania	LOC	GPE-Spain
Komisji Europejskiej	Komisja Europejska	ORG	ORG-European-Commission
LBC-NVK	LBC-NVK	ORG	ORG-LBC-NVK
Portugalii	Portugalia	LOC	GPE-Portugal
Primera Air	Primera Air	ORG	ORG-Primera-Air
Ryanair	Ryanair	ORG	ORG-Ryanair
Ryanaira	Ryanair	ORG	ORG-Ryanair
SEPLA	SEPLA	ORG	ORG-Sindicato-Español-de-Pilotos-de-Líneas-Aéreas
SPAC	SPAC	ORG	ORG-SPAC
Small Planet	Small Planet	ORG	ORG-Small-Planet
Unii	Unia	ORG	ORG-European-Union
Wilson	Wilson	PER	PER-Eddie-Wilson
