pl-255
Belgii	Belgia	LOC	GPE-Belgium
Irlandii	Irlandia	LOC	GPE-Ireland
Polski	Polska	LOC	GPE-Poland
Portugalii	Portugalia	LOC	GPE-Portugal
Ryanair	Ryanair	ORG	ORG-Ryanair
