42
donald trump	donald trump	PER	1
trump	trump	PER	1
donalda trumpa	donald trump	PER	1
zbigniew lewicki	zbigniew lewicki	PER	20700
usa	usa	LOC	2
financial times	financial times	ORG	20701
exxonmobil	exxon mobil	ORG	10049
rexa tillersona	rex tillerson	PER	10021
rosją	rosja	LOC	78
ft	ft	ORG	20701
tillerson	tillerson	PER	10021
poranku rdc	poranek rdc	MISC	20704
rdc	rdc	ORG	20705
rudolphie giulianim	rudolph giuliani	PER	20529
trumpa	trump	PER	1
giuliani	giuliani	PER	20529
nowym jorkiem	nowy york	LOC	4
rosji	rosja	LOC	78
trumpowi	trump	PER	1
