sl-18
Belgiji	Belgija	LOC	GPE-Belgium
Eurowingsa	Eurowings	ORG	ORG-Eurowings
Frankfurtu	Frankfurt	LOC	GPE-Frankfurt-am-Main
Irskem	Irska	LOC	GPE-Ireland
Italiji	Italija	LOC	GPE-Italy
Kenny Jacobs	Kenny Jacobs	PER	PER-Kenny-Jacobs
Nemčiji	Nemčija	LOC	GPE-Germany
Nizozemskem	Nizozemska	LOC	GPE-Holland
Onika Staas	Onika Staas	PER	PER-Onika-Staas
Ryanair	Ryanair	ORG	ORG-Ryanair
Ryanairovih	Ryanairovi	ORG	ORG-Ryanair
Ryanairu	Ryanair	ORG	ORG-Ryanair
Veliki Britaniji	Velika Britanija	LOC	GPE-Great-Britain
twitterju	Twitter	PRO	PRO-Twitter
Švedskem	Švedska	LOC	GPE-Sweden
