ru-64
CNE	CNE	ORG	ORG-CNE/LBC-Union
Ryanair	Ryanair	ORG	ORG-Ryanair
Англии	Англия	LOC	GPE-Great-Britain
Бельгии	Бельгия	LOC	GPE-Belgium
Бельгию	Бельгия	LOC	GPE-Belgium
Бельгия	Бельгия	LOC	GPE-Belgium
Германии	Германия	LOC	GPE-Germany
Греции	Греция	LOC	GPE-Greece
Дидье Лебб	Дидье Лебб	PER	PER-Didier-Lebbe
ЕС	ЕС	ORG	ORG-European-Union
Европы	Европа	LOC	LOC-Europe
Евросоюз	Евросоюз	ORG	ORG-European-Union
Испании	Испания	LOC	GPE-Spain
Испанию	Испания	LOC	GPE-Spain
Испания	Испания	LOC	GPE-Spain
Италии	Италия	LOC	GPE-Italy
Италию	Италию	LOC	GPE-Italy
Италия	Италия	LOC	GPE-Italy
Литвы	Литва	LOC	GPE-Lithuania
Майкл О’лири	Майкл О’лири	PER	PER-Michael-O'Leary
Португалии	Португалия	LOC	GPE-Portugal
Португалию	Португалия	LOC	GPE-Portugal
Португалия	Португалия	LOC	GPE-Portugal
Франции	Франция	LOC	GPE-France
Франция	Франция	LOC	GPE-France
