ru-22
La Repubblica	La Repubblica	PRO	
REGNUM	REGNUM	ORG	ORG-REGNUM-News-Agency
Ryanair	Ryanair	ORG	ORG-Ryanair
Бельгии	Бельгия	LOC	GPE-Belgium
Испании	Испания	LOC	GPE-Spain
Италии	Италия	LOC	GPE-Italy
Португалии	Португалия	LOC	GPE-Portugal
Северной Ирландии	Северная Ирландия	LOC	GPE-Northern-Ireland
