ru-154
Reuters	Reuters	ORG	ORG-Reuters
Ryanair	Ryanair	ORG	ORG-Ryanair
Sky News	Sky News	PRO	
Бельгию	Бельгия	LOC	GPE-Belgium
Берлин	Берлин	LOC	GPE-Berlin
Борисполь	Борисполь	LOC	LOC-Boryspil-Airport-Kiev
Германию	Германия	LOC	GPE-Germany
Европы	Европа	LOC	LOC-Europe
Испанию	Испания	LOC	GPE-Spain
Италию	Италия	LOC	GPE-Italy
Киев	Киев	LOC	GPE-Kiev
Нидерланды	Нидерланды	LOC	GPE-Holland
Португалию	Португалия	LOC	GPE-Portugal
